Archive member included because of file (symbol)

c:/winavr-20100110/bin/../lib/gcc/avr/4.3.3/avr5\libgcc.a(_exit.o)
                              c:/winavr-20100110/bin/../lib/gcc/avr/4.3.3/../../../../avr/lib/avr5/crtm32.o (exit)
c:/winavr-20100110/bin/../lib/gcc/avr/4.3.3/avr5\libgcc.a(_copy_data.o)
                              ./DIO_Prog.o (__do_copy_data)

Memory Configuration

Name             Origin             Length             Attributes
text             0x00000000         0x00020000         xr
data             0x00800060         0x0000ffa0         rw !x
eeprom           0x00810000         0x00010000         rw !x
fuse             0x00820000         0x00000400         rw !x
lock             0x00830000         0x00000400         rw !x
signature        0x00840000         0x00000400         rw !x
*default*        0x00000000         0xffffffff

Linker script and memory map

LOAD c:/winavr-20100110/bin/../lib/gcc/avr/4.3.3/../../../../avr/lib/avr5/crtm32.o
LOAD ./ADC_Prog.o
LOAD ./DIO_Prog.o
LOAD ./UART_Prog.o
LOAD ./main.o
LOAD c:/winavr-20100110/bin/../lib/gcc/avr/4.3.3/avr5\libgcc.a
LOAD c:/winavr-20100110/bin/../lib/gcc/avr/4.3.3/../../../../avr/lib/avr5\libc.a
LOAD c:/winavr-20100110/bin/../lib/gcc/avr/4.3.3/avr5\libgcc.a

.hash
 *(.hash)

.dynsym
 *(.dynsym)

.dynstr
 *(.dynstr)

.gnu.version
 *(.gnu.version)

.gnu.version_d
 *(.gnu.version_d)

.gnu.version_r
 *(.gnu.version_r)

.rel.init
 *(.rel.init)

.rela.init
 *(.rela.init)

.rel.text
 *(.rel.text)
 *(.rel.text.*)
 *(.rel.gnu.linkonce.t*)

.rela.text
 *(.rela.text)
 *(.rela.text.*)
 *(.rela.gnu.linkonce.t*)

.rel.fini
 *(.rel.fini)

.rela.fini
 *(.rela.fini)

.rel.rodata
 *(.rel.rodata)
 *(.rel.rodata.*)
 *(.rel.gnu.linkonce.r*)

.rela.rodata
 *(.rela.rodata)
 *(.rela.rodata.*)
 *(.rela.gnu.linkonce.r*)

.rel.data
 *(.rel.data)
 *(.rel.data.*)
 *(.rel.gnu.linkonce.d*)

.rela.data
 *(.rela.data)
 *(.rela.data.*)
 *(.rela.gnu.linkonce.d*)

.rel.ctors
 *(.rel.ctors)

.rela.ctors
 *(.rela.ctors)

.rel.dtors
 *(.rel.dtors)

.rela.dtors
 *(.rela.dtors)

.rel.got
 *(.rel.got)

.rela.got
 *(.rela.got)

.rel.bss
 *(.rel.bss)

.rela.bss
 *(.rela.bss)

.rel.plt
 *(.rel.plt)

.rela.plt
 *(.rela.plt)

.text           0x00000000      0x328
 *(.vectors)
 .vectors       0x00000000       0x54 c:/winavr-20100110/bin/../lib/gcc/avr/4.3.3/../../../../avr/lib/avr5/crtm32.o
                0x00000000                __vectors
                0x00000000                __vector_default
 *(.vectors)
 *(.progmem.gcc*)
 *(.progmem*)
                0x00000054                . = ALIGN (0x2)
                0x00000054                __trampolines_start = .
 *(.trampolines)
 .trampolines   0x00000054        0x0 linker stubs
 *(.trampolines*)
                0x00000054                __trampolines_end = .
 *(.jumptables)
 *(.jumptables*)
 *(.lowtext)
 *(.lowtext*)
                0x00000054                __ctors_start = .
 *(.ctors)
                0x00000054                __ctors_end = .
                0x00000054                __dtors_start = .
 *(.dtors)
                0x00000054                __dtors_end = .
 SORT(*)(.ctors)
 SORT(*)(.dtors)
 *(.init0)
 .init0         0x00000054        0x0 c:/winavr-20100110/bin/../lib/gcc/avr/4.3.3/../../../../avr/lib/avr5/crtm32.o
                0x00000054                __init
 *(.init0)
 *(.init1)
 *(.init1)
 *(.init2)
 .init2         0x00000054        0xc c:/winavr-20100110/bin/../lib/gcc/avr/4.3.3/../../../../avr/lib/avr5/crtm32.o
 *(.init2)
 *(.init3)
 *(.init3)
 *(.init4)
 .init4         0x00000060       0x16 c:/winavr-20100110/bin/../lib/gcc/avr/4.3.3/avr5\libgcc.a(_copy_data.o)
                0x00000060                __do_copy_data
 *(.init4)
 *(.init5)
 *(.init5)
 *(.init6)
 *(.init6)
 *(.init7)
 *(.init7)
 *(.init8)
 *(.init8)
 *(.init9)
 .init9         0x00000076        0x8 c:/winavr-20100110/bin/../lib/gcc/avr/4.3.3/../../../../avr/lib/avr5/crtm32.o
 *(.init9)
 *(.text)
 .text          0x0000007e        0x4 c:/winavr-20100110/bin/../lib/gcc/avr/4.3.3/../../../../avr/lib/avr5/crtm32.o
                0x0000007e                __vector_1
                0x0000007e                __vector_12
                0x0000007e                __bad_interrupt
                0x0000007e                __vector_6
                0x0000007e                __vector_3
                0x0000007e                __vector_11
                0x0000007e                __vector_13
                0x0000007e                __vector_17
                0x0000007e                __vector_19
                0x0000007e                __vector_7
                0x0000007e                __vector_5
                0x0000007e                __vector_4
                0x0000007e                __vector_9
                0x0000007e                __vector_2
                0x0000007e                __vector_15
                0x0000007e                __vector_8
                0x0000007e                __vector_14
                0x0000007e                __vector_10
                0x0000007e                __vector_16
                0x0000007e                __vector_18
                0x0000007e                __vector_20
 .text          0x00000082        0x0 ./ADC_Prog.o
 .text          0x00000082        0x0 ./DIO_Prog.o
 .text          0x00000082        0x0 ./UART_Prog.o
 .text          0x00000082        0x0 ./main.o
 .text          0x00000082        0x0 c:/winavr-20100110/bin/../lib/gcc/avr/4.3.3/avr5\libgcc.a(_exit.o)
 .text          0x00000082        0x0 c:/winavr-20100110/bin/../lib/gcc/avr/4.3.3/avr5\libgcc.a(_copy_data.o)
                0x00000082                . = ALIGN (0x2)
 *(.text.*)
 .text.ADC_VoidInit
                0x00000082        0xc ./ADC_Prog.o
                0x00000082                ADC_VoidInit
 .text.ADC_VoidEnable
                0x0000008e        0x4 ./ADC_Prog.o
                0x0000008e                ADC_VoidEnable
 .text.ADC_VoidDisable
                0x00000092        0x4 ./ADC_Prog.o
                0x00000092                ADC_VoidDisable
 .text.ADC_u16ReadChannel
                0x00000096       0x22 ./ADC_Prog.o
                0x00000096                ADC_u16ReadChannel
 .text.DIO_VoidInit
                0x000000b8       0x1a ./DIO_Prog.o
                0x000000b8                DIO_VoidInit
 .text.DIO_u8ReadPinVal
                0x000000d2       0x4e ./DIO_Prog.o
                0x000000d2                DIO_u8ReadPinVal
 .text.DIO_u8WritePinVal
                0x00000120       0x68 ./DIO_Prog.o
                0x00000120                DIO_u8WritePinVal
 .text.DIO_u8ReadPortVal
                0x00000188       0x24 ./DIO_Prog.o
                0x00000188                DIO_u8ReadPortVal
 .text.DIO_u8WritePortVal
                0x000001ac       0x24 ./DIO_Prog.o
                0x000001ac                DIO_u8WritePortVal
 .text.DIO_u8WritePinDir
                0x000001d0       0x46 ./DIO_Prog.o
                0x000001d0                DIO_u8WritePinDir
 .text.DIO_u8WritePortDir
                0x00000216       0x1c ./DIO_Prog.o
                0x00000216                DIO_u8WritePortDir
 .text.DIO_u8ReadPinDir
                0x00000232       0x48 ./DIO_Prog.o
                0x00000232                DIO_u8ReadPinDir
 .text.DIO_u8ReadPortDir
                0x0000027a       0x24 ./DIO_Prog.o
                0x0000027a                DIO_u8ReadPortDir
 .text.UART_voidInit
                0x0000029e       0x10 ./UART_Prog.o
                0x0000029e                UART_voidInit
 .text.UART_voidTransmit
                0x000002ae        0x8 ./UART_Prog.o
                0x000002ae                UART_voidTransmit
 .text.UART_voidSendFromArrayWithNullCh
                0x000002b6       0x14 ./UART_Prog.o
                0x000002b6                UART_voidSendFromArrayWithNullCh
 .text.UART_u8Receive
                0x000002ca        0x8 ./UART_Prog.o
                0x000002ca                UART_u8Receive
 .text.main     0x000002d2       0x52 ./main.o
                0x000002d2                main
 .text.libgcc   0x00000324        0x0 c:/winavr-20100110/bin/../lib/gcc/avr/4.3.3/avr5\libgcc.a(_exit.o)
 .text.libgcc   0x00000324        0x0 c:/winavr-20100110/bin/../lib/gcc/avr/4.3.3/avr5\libgcc.a(_copy_data.o)
                0x00000324                . = ALIGN (0x2)
 *(.fini9)
 .fini9         0x00000324        0x0 c:/winavr-20100110/bin/../lib/gcc/avr/4.3.3/avr5\libgcc.a(_exit.o)
                0x00000324                exit
                0x00000324                _exit
 *(.fini9)
 *(.fini8)
 *(.fini8)
 *(.fini7)
 *(.fini7)
 *(.fini6)
 *(.fini6)
 *(.fini5)
 *(.fini5)
 *(.fini4)
 *(.fini4)
 *(.fini3)
 *(.fini3)
 *(.fini2)
 *(.fini2)
 *(.fini1)
 *(.fini1)
 *(.fini0)
 .fini0         0x00000324        0x4 c:/winavr-20100110/bin/../lib/gcc/avr/4.3.3/avr5\libgcc.a(_exit.o)
 *(.fini0)
                0x00000328                _etext = .

.data           0x00800060       0x18 load address 0x00000328
                0x00800060                PROVIDE (__data_start, .)
 *(.data)
 .data          0x00800060        0x0 c:/winavr-20100110/bin/../lib/gcc/avr/4.3.3/../../../../avr/lib/avr5/crtm32.o
 .data          0x00800060        0x0 ./ADC_Prog.o
 .data          0x00800060        0x0 ./DIO_Prog.o
 .data          0x00800060        0x0 ./UART_Prog.o
 .data          0x00800060        0x0 ./main.o
 .data          0x00800060        0x0 c:/winavr-20100110/bin/../lib/gcc/avr/4.3.3/avr5\libgcc.a(_exit.o)
 .data          0x00800060        0x0 c:/winavr-20100110/bin/../lib/gcc/avr/4.3.3/avr5\libgcc.a(_copy_data.o)
 *(.data*)
 *(.rodata)
 *(.rodata*)
 .rodata.DIO_u8ArrPORT
                0x00800060        0x8 ./DIO_Prog.o
                0x00800060                DIO_u8ArrPORT
 .rodata.DIO_u8ArrDDR
                0x00800068        0x8 ./DIO_Prog.o
                0x00800068                DIO_u8ArrDDR
 .rodata.DIO_u8ArrPIN
                0x00800070        0x8 ./DIO_Prog.o
                0x00800070                DIO_u8ArrPIN
 *(.gnu.linkonce.d*)
                0x00800078                . = ALIGN (0x2)
                0x00800078                _edata = .
                0x00800078                PROVIDE (__data_end, .)

.bss            0x00800078        0x0
                0x00800078                PROVIDE (__bss_start, .)
 *(.bss)
 .bss           0x00800078        0x0 c:/winavr-20100110/bin/../lib/gcc/avr/4.3.3/../../../../avr/lib/avr5/crtm32.o
 .bss           0x00800078        0x0 ./ADC_Prog.o
 .bss           0x00800078        0x0 ./DIO_Prog.o
 .bss           0x00800078        0x0 ./UART_Prog.o
 .bss           0x00800078        0x0 ./main.o
 .bss           0x00800078        0x0 c:/winavr-20100110/bin/../lib/gcc/avr/4.3.3/avr5\libgcc.a(_exit.o)
 .bss           0x00800078        0x0 c:/winavr-20100110/bin/../lib/gcc/avr/4.3.3/avr5\libgcc.a(_copy_data.o)
 *(.bss*)
 *(COMMON)
                0x00800078                PROVIDE (__bss_end, .)
                0x00000328                __data_load_start = LOADADDR (.data)
                0x00000340                __data_load_end = (__data_load_start + SIZEOF (.data))

.noinit         0x00800078        0x0
                0x00800078                PROVIDE (__noinit_start, .)
 *(.noinit*)
                0x00800078                PROVIDE (__noinit_end, .)
                0x00800078                _end = .
                0x00800078                PROVIDE (__heap_start, .)

.eeprom         0x00810000        0x0
 *(.eeprom*)
                0x00810000                __eeprom_end = .

.fuse
 *(.fuse)
 *(.lfuse)
 *(.hfuse)
 *(.efuse)

.lock
 *(.lock*)

.signature
 *(.signature*)

.stab
 *(.stab)

.stabstr
 *(.stabstr)

.stab.excl
 *(.stab.excl)

.stab.exclstr
 *(.stab.exclstr)

.stab.index
 *(.stab.index)

.stab.indexstr
 *(.stab.indexstr)

.comment
 *(.comment)

.debug
 *(.debug)

.line
 *(.line)

.debug_srcinfo
 *(.debug_srcinfo)

.debug_sfnames
 *(.debug_sfnames)

.debug_aranges  0x00000000       0xf0
 *(.debug_aranges)
 .debug_aranges
                0x00000000       0x38 ./ADC_Prog.o
 .debug_aranges
                0x00000038       0x60 ./DIO_Prog.o
 .debug_aranges
                0x00000098       0x38 ./UART_Prog.o
 .debug_aranges
                0x000000d0       0x20 ./main.o

.debug_pubnames
                0x00000000      0x1f5
 *(.debug_pubnames)
 .debug_pubnames
                0x00000000       0x61 ./ADC_Prog.o
 .debug_pubnames
                0x00000061      0x107 ./DIO_Prog.o
 .debug_pubnames
                0x00000168       0x72 ./UART_Prog.o
 .debug_pubnames
                0x000001da       0x1b ./main.o

.debug_info     0x00000000      0x810
 *(.debug_info)
 .debug_info    0x00000000      0x25f ./ADC_Prog.o
 .debug_info    0x0000025f      0x397 ./DIO_Prog.o
 .debug_info    0x000005f6      0x11f ./UART_Prog.o
 .debug_info    0x00000715       0xfb ./main.o
 *(.gnu.linkonce.wi.*)

.debug_abbrev   0x00000000      0x33b
 *(.debug_abbrev)
 .debug_abbrev  0x00000000      0x101 ./ADC_Prog.o
 .debug_abbrev  0x00000101       0xea ./DIO_Prog.o
 .debug_abbrev  0x000001eb       0xd7 ./UART_Prog.o
 .debug_abbrev  0x000002c2       0x79 ./main.o

.debug_line     0x00000000      0x6a5
 *(.debug_line)
 .debug_line    0x00000000      0x171 ./ADC_Prog.o
 .debug_line    0x00000171      0x292 ./DIO_Prog.o
 .debug_line    0x00000403      0x177 ./UART_Prog.o
 .debug_line    0x0000057a      0x12b ./main.o

.debug_frame    0x00000000      0x160
 *(.debug_frame)
 .debug_frame   0x00000000       0x50 ./ADC_Prog.o
 .debug_frame   0x00000050       0xa0 ./DIO_Prog.o
 .debug_frame   0x000000f0       0x50 ./UART_Prog.o
 .debug_frame   0x00000140       0x20 ./main.o

.debug_str      0x00000000      0x35d
 *(.debug_str)
 .debug_str     0x00000000      0x15b ./ADC_Prog.o
                                0x18a (size before relaxing)
 .debug_str     0x0000015b      0x155 ./DIO_Prog.o
                                0x215 (size before relaxing)
 .debug_str     0x000002b0       0x69 ./UART_Prog.o
                                0x129 (size before relaxing)
 .debug_str     0x00000319       0x44 ./main.o
                                0x104 (size before relaxing)

.debug_loc      0x00000000      0x35e
 *(.debug_loc)
 .debug_loc     0x00000000       0x26 ./ADC_Prog.o
 .debug_loc     0x00000026      0x2dc ./DIO_Prog.o
 .debug_loc     0x00000302       0x28 ./UART_Prog.o
 .debug_loc     0x0000032a       0x34 ./main.o

.debug_macinfo  0x00000000     0x6d27
 *(.debug_macinfo)
 .debug_macinfo
                0x00000000     0x2069 ./ADC_Prog.o
 .debug_macinfo
                0x00002069     0x245e ./DIO_Prog.o
 .debug_macinfo
                0x000044c7      0xf23 ./UART_Prog.o
 .debug_macinfo
                0x000053ea     0x193d ./main.o
OUTPUT(UART_ADC.elf elf32-avr)
LOAD linker stubs

.debug_ranges   0x00000000       0xe8
 .debug_ranges  0x00000000       0x30 ./ADC_Prog.o
 .debug_ranges  0x00000030       0x58 ./DIO_Prog.o
 .debug_ranges  0x00000088       0x48 ./UART_Prog.o
 .debug_ranges  0x000000d0       0x18 ./main.o
