Archive member included because of file (symbol)

c:/winavr-20100110/bin/../lib/gcc/avr/4.3.3/avr5\libgcc.a(_exit.o)
                              c:/winavr-20100110/bin/../lib/gcc/avr/4.3.3/../../../../avr/lib/avr5/crtm32.o (exit)
c:/winavr-20100110/bin/../lib/gcc/avr/4.3.3/avr5\libgcc.a(_copy_data.o)
                              ./DIO_Prog.o (__do_copy_data)
c:/winavr-20100110/bin/../lib/gcc/avr/4.3.3/avr5\libgcc.a(_clear_bss.o)
                              ./Debouncing_prog.o (__do_clear_bss)

Allocating common symbols
Common symbol       size              file

ptr_OverFlow        0x2               ./Timer_Prog.o

Memory Configuration

Name             Origin             Length             Attributes
text             0x00000000         0x00020000         xr
data             0x00800060         0x0000ffa0         rw !x
eeprom           0x00810000         0x00010000         rw !x
fuse             0x00820000         0x00000400         rw !x
lock             0x00830000         0x00000400         rw !x
signature        0x00840000         0x00000400         rw !x
*default*        0x00000000         0xffffffff

Linker script and memory map

LOAD c:/winavr-20100110/bin/../lib/gcc/avr/4.3.3/../../../../avr/lib/avr5/crtm32.o
LOAD ./ADC_Prog.o
LOAD ./DIO_Prog.o
LOAD ./Debouncing_prog.o
LOAD ./Timer_Prog.o
LOAD ./UART_Prog.o
LOAD ./main.o
LOAD c:/winavr-20100110/bin/../lib/gcc/avr/4.3.3/avr5\libgcc.a
LOAD c:/winavr-20100110/bin/../lib/gcc/avr/4.3.3/../../../../avr/lib/avr5\libc.a
LOAD c:/winavr-20100110/bin/../lib/gcc/avr/4.3.3/avr5\libgcc.a

.hash
 *(.hash)

.dynsym
 *(.dynsym)

.dynstr
 *(.dynstr)

.gnu.version
 *(.gnu.version)

.gnu.version_d
 *(.gnu.version_d)

.gnu.version_r
 *(.gnu.version_r)

.rel.init
 *(.rel.init)

.rela.init
 *(.rela.init)

.rel.text
 *(.rel.text)
 *(.rel.text.*)
 *(.rel.gnu.linkonce.t*)

.rela.text
 *(.rela.text)
 *(.rela.text.*)
 *(.rela.gnu.linkonce.t*)

.rel.fini
 *(.rel.fini)

.rela.fini
 *(.rela.fini)

.rel.rodata
 *(.rel.rodata)
 *(.rel.rodata.*)
 *(.rel.gnu.linkonce.r*)

.rela.rodata
 *(.rela.rodata)
 *(.rela.rodata.*)
 *(.rela.gnu.linkonce.r*)

.rel.data
 *(.rel.data)
 *(.rel.data.*)
 *(.rel.gnu.linkonce.d*)

.rela.data
 *(.rela.data)
 *(.rela.data.*)
 *(.rela.gnu.linkonce.d*)

.rel.ctors
 *(.rel.ctors)

.rela.ctors
 *(.rela.ctors)

.rel.dtors
 *(.rel.dtors)

.rela.dtors
 *(.rela.dtors)

.rel.got
 *(.rel.got)

.rela.got
 *(.rela.got)

.rel.bss
 *(.rel.bss)

.rela.bss
 *(.rela.bss)

.rel.plt
 *(.rel.plt)

.rela.plt
 *(.rela.plt)

.text           0x00000000      0x488
 *(.vectors)
 .vectors       0x00000000       0x54 c:/winavr-20100110/bin/../lib/gcc/avr/4.3.3/../../../../avr/lib/avr5/crtm32.o
                0x00000000                __vectors
                0x00000000                __vector_default
 *(.vectors)
 *(.progmem.gcc*)
 *(.progmem*)
                0x00000054                . = ALIGN (0x2)
                0x00000054                __trampolines_start = .
 *(.trampolines)
 .trampolines   0x00000054        0x0 linker stubs
 *(.trampolines*)
                0x00000054                __trampolines_end = .
 *(.jumptables)
 *(.jumptables*)
 *(.lowtext)
 *(.lowtext*)
                0x00000054                __ctors_start = .
 *(.ctors)
                0x00000054                __ctors_end = .
                0x00000054                __dtors_start = .
 *(.dtors)
                0x00000054                __dtors_end = .
 SORT(*)(.ctors)
 SORT(*)(.dtors)
 *(.init0)
 .init0         0x00000054        0x0 c:/winavr-20100110/bin/../lib/gcc/avr/4.3.3/../../../../avr/lib/avr5/crtm32.o
                0x00000054                __init
 *(.init0)
 *(.init1)
 *(.init1)
 *(.init2)
 .init2         0x00000054        0xc c:/winavr-20100110/bin/../lib/gcc/avr/4.3.3/../../../../avr/lib/avr5/crtm32.o
 *(.init2)
 *(.init3)
 *(.init3)
 *(.init4)
 .init4         0x00000060       0x16 c:/winavr-20100110/bin/../lib/gcc/avr/4.3.3/avr5\libgcc.a(_copy_data.o)
                0x00000060                __do_copy_data
 .init4         0x00000076       0x10 c:/winavr-20100110/bin/../lib/gcc/avr/4.3.3/avr5\libgcc.a(_clear_bss.o)
                0x00000076                __do_clear_bss
 *(.init4)
 *(.init5)
 *(.init5)
 *(.init6)
 *(.init6)
 *(.init7)
 *(.init7)
 *(.init8)
 *(.init8)
 *(.init9)
 .init9         0x00000086        0x8 c:/winavr-20100110/bin/../lib/gcc/avr/4.3.3/../../../../avr/lib/avr5/crtm32.o
 *(.init9)
 *(.text)
 .text          0x0000008e        0x4 c:/winavr-20100110/bin/../lib/gcc/avr/4.3.3/../../../../avr/lib/avr5/crtm32.o
                0x0000008e                __vector_1
                0x0000008e                __vector_12
                0x0000008e                __bad_interrupt
                0x0000008e                __vector_6
                0x0000008e                __vector_3
                0x0000008e                __vector_13
                0x0000008e                __vector_17
                0x0000008e                __vector_19
                0x0000008e                __vector_7
                0x0000008e                __vector_5
                0x0000008e                __vector_4
                0x0000008e                __vector_9
                0x0000008e                __vector_2
                0x0000008e                __vector_15
                0x0000008e                __vector_8
                0x0000008e                __vector_14
                0x0000008e                __vector_10
                0x0000008e                __vector_16
                0x0000008e                __vector_18
                0x0000008e                __vector_20
 .text          0x00000092        0x0 ./ADC_Prog.o
 .text          0x00000092        0x0 ./DIO_Prog.o
 .text          0x00000092        0x0 ./Debouncing_prog.o
 .text          0x00000092        0x0 ./Timer_Prog.o
 .text          0x00000092        0x0 ./UART_Prog.o
 .text          0x00000092        0x0 ./main.o
 .text          0x00000092        0x0 c:/winavr-20100110/bin/../lib/gcc/avr/4.3.3/avr5\libgcc.a(_exit.o)
 .text          0x00000092        0x0 c:/winavr-20100110/bin/../lib/gcc/avr/4.3.3/avr5\libgcc.a(_copy_data.o)
 .text          0x00000092        0x0 c:/winavr-20100110/bin/../lib/gcc/avr/4.3.3/avr5\libgcc.a(_clear_bss.o)
                0x00000092                . = ALIGN (0x2)
 *(.text.*)
 .text.ADC_VoidInit
                0x00000092        0xc ./ADC_Prog.o
                0x00000092                ADC_VoidInit
 .text.ADC_VoidEnable
                0x0000009e        0x4 ./ADC_Prog.o
                0x0000009e                ADC_VoidEnable
 .text.ADC_VoidDisable
                0x000000a2        0x4 ./ADC_Prog.o
                0x000000a2                ADC_VoidDisable
 .text.ADC_u16ReadChannel
                0x000000a6       0x22 ./ADC_Prog.o
                0x000000a6                ADC_u16ReadChannel
 .text.DIO_VoidInit
                0x000000c8       0x1a ./DIO_Prog.o
                0x000000c8                DIO_VoidInit
 .text.DIO_u8ReadPinVal
                0x000000e2       0x4e ./DIO_Prog.o
                0x000000e2                DIO_u8ReadPinVal
 .text.DIO_u8WritePinVal
                0x00000130       0x68 ./DIO_Prog.o
                0x00000130                DIO_u8WritePinVal
 .text.DIO_u8ReadPortVal
                0x00000198       0x24 ./DIO_Prog.o
                0x00000198                DIO_u8ReadPortVal
 .text.DIO_u8WritePortVal
                0x000001bc       0x24 ./DIO_Prog.o
                0x000001bc                DIO_u8WritePortVal
 .text.DIO_u8WritePinDir
                0x000001e0       0x46 ./DIO_Prog.o
                0x000001e0                DIO_u8WritePinDir
 .text.DIO_u8WritePortDir
                0x00000226       0x1c ./DIO_Prog.o
                0x00000226                DIO_u8WritePortDir
 .text.DIO_u8ReadPinDir
                0x00000242       0x48 ./DIO_Prog.o
                0x00000242                DIO_u8ReadPinDir
 .text.DIO_u8ReadPortDir
                0x0000028a       0x24 ./DIO_Prog.o
                0x0000028a                DIO_u8ReadPortDir
 .text.u8_DebounceSenceHigh
                0x000002ae       0x38 ./Debouncing_prog.o
                0x000002ae                u8_DebounceSenceHigh
 .text.Timer_VoidInit
                0x000002e6        0xe ./Timer_Prog.o
                0x000002e6                Timer_VoidInit
 .text.Timer_VoidStopTimer0
                0x000002f4        0x8 ./Timer_Prog.o
                0x000002f4                Timer_VoidStopTimer0
 .text.__vector_11
                0x000002fc       0x4e ./Timer_Prog.o
                0x000002fc                __vector_11
 .text.ExtInt_voidOverFlowInt0
                0x0000034a        0xa ./Timer_Prog.o
                0x0000034a                ExtInt_voidOverFlowInt0
 .text.Timer_u16Count1mile
                0x00000354       0x26 ./Timer_Prog.o
                0x00000354                Timer_u16Count1mile
 .text.Timer_u16ResetTotalTime
                0x0000037a        0xa ./Timer_Prog.o
                0x0000037a                Timer_u16ResetTotalTime
 .text.Timer_u16ResetCounter
                0x00000384        0x4 ./Timer_Prog.o
                0x00000384                Timer_u16ResetCounter
 .text.UART_voidInit
                0x00000388       0x10 ./UART_Prog.o
                0x00000388                UART_voidInit
 .text.UART_voidTransmit
                0x00000398        0x8 ./UART_Prog.o
                0x00000398                UART_voidTransmit
 .text.UART_voidSendFromArrayWithNullCh
                0x000003a0       0x14 ./UART_Prog.o
                0x000003a0                UART_voidSendFromArrayWithNullCh
 .text.UART_u8Receive
                0x000003b4        0xc ./UART_Prog.o
                0x000003b4                UART_u8Receive
 .text.UART_u8GetUDR
                0x000003c0        0x4 ./UART_Prog.o
                0x000003c0                UART_u8GetUDR
 .text.main     0x000003c4       0xc0 ./main.o
                0x000003c4                main
 .text.libgcc   0x00000484        0x0 c:/winavr-20100110/bin/../lib/gcc/avr/4.3.3/avr5\libgcc.a(_exit.o)
 .text.libgcc   0x00000484        0x0 c:/winavr-20100110/bin/../lib/gcc/avr/4.3.3/avr5\libgcc.a(_copy_data.o)
 .text.libgcc   0x00000484        0x0 c:/winavr-20100110/bin/../lib/gcc/avr/4.3.3/avr5\libgcc.a(_clear_bss.o)
                0x00000484                . = ALIGN (0x2)
 *(.fini9)
 .fini9         0x00000484        0x0 c:/winavr-20100110/bin/../lib/gcc/avr/4.3.3/avr5\libgcc.a(_exit.o)
                0x00000484                exit
                0x00000484                _exit
 *(.fini9)
 *(.fini8)
 *(.fini8)
 *(.fini7)
 *(.fini7)
 *(.fini6)
 *(.fini6)
 *(.fini5)
 *(.fini5)
 *(.fini4)
 *(.fini4)
 *(.fini3)
 *(.fini3)
 *(.fini2)
 *(.fini2)
 *(.fini1)
 *(.fini1)
 *(.fini0)
 .fini0         0x00000484        0x4 c:/winavr-20100110/bin/../lib/gcc/avr/4.3.3/avr5\libgcc.a(_exit.o)
 *(.fini0)
                0x00000488                _etext = .

.data           0x00800060       0x18 load address 0x00000488
                0x00800060                PROVIDE (__data_start, .)
 *(.data)
 .data          0x00800060        0x0 c:/winavr-20100110/bin/../lib/gcc/avr/4.3.3/../../../../avr/lib/avr5/crtm32.o
 .data          0x00800060        0x0 ./ADC_Prog.o
 .data          0x00800060        0x0 ./DIO_Prog.o
 .data          0x00800060        0x0 ./Debouncing_prog.o
 .data          0x00800060        0x0 ./Timer_Prog.o
 .data          0x00800060        0x0 ./UART_Prog.o
 .data          0x00800060        0x0 ./main.o
 .data          0x00800060        0x0 c:/winavr-20100110/bin/../lib/gcc/avr/4.3.3/avr5\libgcc.a(_exit.o)
 .data          0x00800060        0x0 c:/winavr-20100110/bin/../lib/gcc/avr/4.3.3/avr5\libgcc.a(_copy_data.o)
 .data          0x00800060        0x0 c:/winavr-20100110/bin/../lib/gcc/avr/4.3.3/avr5\libgcc.a(_clear_bss.o)
 *(.data*)
 *(.rodata)
 *(.rodata*)
 .rodata.DIO_u8ArrPORT
                0x00800060        0x8 ./DIO_Prog.o
                0x00800060                DIO_u8ArrPORT
 .rodata.DIO_u8ArrDDR
                0x00800068        0x8 ./DIO_Prog.o
                0x00800068                DIO_u8ArrDDR
 .rodata.DIO_u8ArrPIN
                0x00800070        0x8 ./DIO_Prog.o
                0x00800070                DIO_u8ArrPIN
 *(.gnu.linkonce.d*)
                0x00800078                . = ALIGN (0x2)
                0x00800078                _edata = .
                0x00800078                PROVIDE (__data_end, .)

.bss            0x00800078        0x7
                0x00800078                PROVIDE (__bss_start, .)
 *(.bss)
 .bss           0x00800078        0x0 c:/winavr-20100110/bin/../lib/gcc/avr/4.3.3/../../../../avr/lib/avr5/crtm32.o
 .bss           0x00800078        0x0 ./ADC_Prog.o
 .bss           0x00800078        0x0 ./DIO_Prog.o
 .bss           0x00800078        0x0 ./Debouncing_prog.o
 .bss           0x00800078        0x0 ./Timer_Prog.o
 .bss           0x00800078        0x0 ./UART_Prog.o
 .bss           0x00800078        0x0 ./main.o
 .bss           0x00800078        0x0 c:/winavr-20100110/bin/../lib/gcc/avr/4.3.3/avr5\libgcc.a(_exit.o)
 .bss           0x00800078        0x0 c:/winavr-20100110/bin/../lib/gcc/avr/4.3.3/avr5\libgcc.a(_copy_data.o)
 .bss           0x00800078        0x0 c:/winavr-20100110/bin/../lib/gcc/avr/4.3.3/avr5\libgcc.a(_clear_bss.o)
 *(.bss*)
 .bss.LastDebounceResult.1220
                0x00800078        0x1 ./Debouncing_prog.o
 .bss.SampleC.1219
                0x00800079        0x1 ./Debouncing_prog.o
 .bss.SampleB.1218
                0x0080007a        0x1 ./Debouncing_prog.o
 .bss.Local_u16TotalTime
                0x0080007b        0x2 ./Timer_Prog.o
 *(COMMON)
 COMMON         0x0080007d        0x2 ./Timer_Prog.o
                0x0080007d                ptr_OverFlow
                0x0080007f                PROVIDE (__bss_end, .)
                0x00000488                __data_load_start = LOADADDR (.data)
                0x000004a0                __data_load_end = (__data_load_start + SIZEOF (.data))

.noinit         0x0080007f        0x0
                0x0080007f                PROVIDE (__noinit_start, .)
 *(.noinit*)
                0x0080007f                PROVIDE (__noinit_end, .)
                0x0080007f                _end = .
                0x0080007f                PROVIDE (__heap_start, .)

.eeprom         0x00810000        0x0
 *(.eeprom*)
                0x00810000                __eeprom_end = .

.fuse
 *(.fuse)
 *(.lfuse)
 *(.hfuse)
 *(.efuse)

.lock
 *(.lock*)

.signature
 *(.signature*)

.stab
 *(.stab)

.stabstr
 *(.stabstr)

.stab.excl
 *(.stab.excl)

.stab.exclstr
 *(.stab.exclstr)

.stab.index
 *(.stab.index)

.stab.indexstr
 *(.stab.indexstr)

.comment
 *(.comment)

.debug
 *(.debug)

.line
 *(.line)

.debug_srcinfo
 *(.debug_srcinfo)

.debug_sfnames
 *(.debug_sfnames)

.debug_aranges  0x00000000      0x168
 *(.debug_aranges)
 .debug_aranges
                0x00000000       0x38 ./ADC_Prog.o
 .debug_aranges
                0x00000038       0x60 ./DIO_Prog.o
 .debug_aranges
                0x00000098       0x20 ./Debouncing_prog.o
 .debug_aranges
                0x000000b8       0x50 ./Timer_Prog.o
 .debug_aranges
                0x00000108       0x40 ./UART_Prog.o
 .debug_aranges
                0x00000148       0x20 ./main.o

.debug_pubnames
                0x00000000      0x2fb
 *(.debug_pubnames)
 .debug_pubnames
                0x00000000       0x61 ./ADC_Prog.o
 .debug_pubnames
                0x00000061      0x107 ./DIO_Prog.o
 .debug_pubnames
                0x00000168       0x2b ./Debouncing_prog.o
 .debug_pubnames
                0x00000193       0xc9 ./Timer_Prog.o
 .debug_pubnames
                0x0000025c       0x84 ./UART_Prog.o
 .debug_pubnames
                0x000002e0       0x1b ./main.o

.debug_info     0x00000000      0xa93
 *(.debug_info)
 .debug_info    0x00000000      0x25f ./ADC_Prog.o
 .debug_info    0x0000025f      0x397 ./DIO_Prog.o
 .debug_info    0x000005f6       0xe6 ./Debouncing_prog.o
 .debug_info    0x000006dc      0x165 ./Timer_Prog.o
 .debug_info    0x00000841      0x14b ./UART_Prog.o
 .debug_info    0x0000098c      0x107 ./main.o
 *(.gnu.linkonce.wi.*)

.debug_abbrev   0x00000000      0x4a0
 *(.debug_abbrev)
 .debug_abbrev  0x00000000      0x101 ./ADC_Prog.o
 .debug_abbrev  0x00000101       0xea ./DIO_Prog.o
 .debug_abbrev  0x000001eb       0x74 ./Debouncing_prog.o
 .debug_abbrev  0x0000025f       0xc3 ./Timer_Prog.o
 .debug_abbrev  0x00000322       0xff ./UART_Prog.o
 .debug_abbrev  0x00000421       0x7f ./main.o

.debug_line     0x00000000      0xa26
 *(.debug_line)
 .debug_line    0x00000000      0x171 ./ADC_Prog.o
 .debug_line    0x00000171      0x292 ./DIO_Prog.o
 .debug_line    0x00000403       0xe6 ./Debouncing_prog.o
 .debug_line    0x000004e9      0x1c9 ./Timer_Prog.o
 .debug_line    0x000006b2      0x199 ./UART_Prog.o
 .debug_line    0x0000084b      0x1db ./main.o

.debug_frame    0x00000000      0x210
 *(.debug_frame)
 .debug_frame   0x00000000       0x50 ./ADC_Prog.o
 .debug_frame   0x00000050       0xa0 ./DIO_Prog.o
 .debug_frame   0x000000f0       0x20 ./Debouncing_prog.o
 .debug_frame   0x00000110       0x80 ./Timer_Prog.o
 .debug_frame   0x00000190       0x60 ./UART_Prog.o
 .debug_frame   0x000001f0       0x20 ./main.o

.debug_str      0x00000000      0x50b
 *(.debug_str)
 .debug_str     0x00000000      0x165 ./ADC_Prog.o
                                0x194 (size before relaxing)
 .debug_str     0x00000165      0x155 ./DIO_Prog.o
                                0x21f (size before relaxing)
 .debug_str     0x000002ba       0x74 ./Debouncing_prog.o
                                0x13e (size before relaxing)
 .debug_str     0x0000032e       0xdd ./Timer_Prog.o
                                0x1a7 (size before relaxing)
 .debug_str     0x0000040b       0x86 ./UART_Prog.o
                                0x150 (size before relaxing)
 .debug_str     0x00000491       0x7a ./main.o
                                0x144 (size before relaxing)

.debug_loc      0x00000000      0x3b7
 *(.debug_loc)
 .debug_loc     0x00000000       0x26 ./ADC_Prog.o
 .debug_loc     0x00000026      0x2dc ./DIO_Prog.o
 .debug_loc     0x00000302       0x1e ./Debouncing_prog.o
 .debug_loc     0x00000320       0x28 ./Timer_Prog.o
 .debug_loc     0x00000348       0x46 ./UART_Prog.o
 .debug_loc     0x0000038e       0x29 ./main.o

.debug_macinfo  0x00000000     0x9762
 *(.debug_macinfo)
 .debug_macinfo
                0x00000000     0x2069 ./ADC_Prog.o
 .debug_macinfo
                0x00002069     0x245b ./DIO_Prog.o
 .debug_macinfo
                0x000044c4     0x20c3 ./Debouncing_prog.o
 .debug_macinfo
                0x00006587     0x1215 ./Timer_Prog.o
 .debug_macinfo
                0x0000779c      0xf23 ./UART_Prog.o
 .debug_macinfo
                0x000086bf     0x10a3 ./main.o
OUTPUT(VoiceTrasmitButton.elf elf32-avr)
LOAD linker stubs

.debug_ranges   0x00000000      0x150
 .debug_ranges  0x00000000       0x30 ./ADC_Prog.o
 .debug_ranges  0x00000030       0x58 ./DIO_Prog.o
 .debug_ranges  0x00000088       0x18 ./Debouncing_prog.o
 .debug_ranges  0x000000a0       0x48 ./Timer_Prog.o
 .debug_ranges  0x000000e8       0x50 ./UART_Prog.o
 .debug_ranges  0x00000138       0x18 ./main.o
